SystemVerilog Test Runner
==================================================
Target: parts
Max combinations: 16
Parallel processing: 4 workers

Found 36 SystemVerilog file(s) to test

Running tests in parallel with 4 workers...

================================================================================
FILE: parts\adder_16bit.sv
================================================================================
Status: [PASS]
Module: adder_16bit
Inputs: ['inA', 'inB', 'inCarry']
Outputs: ['outSum', 'outCarry']
NAND Gates: 240
Execution Time: 0.230s
JSON Test File: parts\adder_16bit.json
Test Results: 8/8 passed (100.0%)
Warnings: Warning: Too many input combinations (8589934592). Limiting to first 16 combinations.

Test Execution:
  Test 1 passed
  Test 2 passed
  Test 3 passed
  Test 4 passed
  Test 5 passed
  Test 6 passed
  Test 7 passed
  Test 8 passed

Truth Table Error: 'DummyEvaluator' object has no attribute 'bus_info'

================================================================================
FILE: parts\adder_32bit.sv
================================================================================
Status: [PASS]
Module: adder_32bit
Inputs: ['inA', 'inB', 'inCarry']
Outputs: ['outSum', 'outCarry']
NAND Gates: 480
Execution Time: 0.518s
JSON Test File: parts\adder_32bit.json
Test Results: 8/8 passed (100.0%)
Warnings: Warning: Too many input combinations (36893488147419103232). Limiting to first 16 combinations.

Test Execution:
  Test 1 passed
  Test 2 passed
  Test 3 passed
  Test 4 passed
  Test 5 passed
  Test 6 passed
  Test 7 passed
  Test 8 passed

Truth Table Error: 'DummyEvaluator' object has no attribute 'bus_info'

================================================================================
FILE: parts\adder_4bit.sv
================================================================================
Status: [PASS]
Module: adder_4bit
Inputs: ['inA', 'inB', 'inCarry']
Outputs: ['outSum', 'outCarry']
NAND Gates: 60
Execution Time: 0.084s
JSON Test File: parts\adder_4bit.json
Test Results: 10/10 passed (100.0%)
Warnings: Warning: Too many input combinations (512). Limiting to first 16 combinations.

Test Execution:
  Test 1 passed
  Test 2 passed
  Test 3 passed
  Test 4 passed
  Test 5 passed
  Test 6 passed
  Test 7 passed
  Test 8 passed
  Test 9 passed
  Test 10 passed

Truth Table Error: 'DummyEvaluator' object has no attribute 'bus_info'

================================================================================
FILE: parts\adder_64bit.sv
================================================================================
Status: [PASS]
Module: adder_64bit
Inputs: ['inA', 'inB', 'inCarry']
Outputs: ['outSum', 'outCarry']
NAND Gates: 960
Execution Time: 0.993s
JSON Test File: parts\adder_64bit.json
Test Results: 8/8 passed (100.0%)
Warnings: Warning: Too many input combinations (680564733841876926926749214863536422912). Limiting to first 16 combinations.

Test Execution:
  Test 1 passed
  Test 2 passed
  Test 3 passed
  Test 4 passed
  Test 5 passed
  Test 6 passed
  Test 7 passed
  Test 8 passed

Truth Table Error: 'DummyEvaluator' object has no attribute 'bus_info'

================================================================================
FILE: parts\adder_8bit.sv
================================================================================
Status: [PASS]
Module: adder_8bit
Inputs: ['inA', 'inB', 'inCarry']
Outputs: ['outSum', 'outCarry']
NAND Gates: 120
Execution Time: 0.120s
JSON Test File: parts\adder_8bit.json
Test Results: 10/10 passed (100.0%)
Warnings: Warning: Too many input combinations (131072). Limiting to first 16 combinations.

Test Execution:
  Test 1 passed
  Test 2 passed
  Test 3 passed
  Test 4 passed
  Test 5 passed
  Test 6 passed
  Test 7 passed
  Test 8 passed
  Test 9 passed
  Test 10 passed

Truth Table Error: 'DummyEvaluator' object has no attribute 'bus_info'

================================================================================
FILE: parts\adder_cs_16bit.sv
================================================================================
Status: [PASS]
Module: adder_cs_16bit
Inputs: ['inA', 'inB', 'inCarry']
Outputs: ['outSum', 'outCarry']
NAND Gates: 732
Execution Time: 0.922s
JSON Test File: parts\adder_cs_16bit.json
Test Results: 12/12 passed (100.0%)
Warnings: Warning: Too many input combinations (8589934592). Limiting to first 16 combinations.

Test Execution:
  Test 1 passed
  Test 2 passed
  Test 3 passed
  Test 4 passed
  Test 5 passed
  Test 6 passed
  Test 7 passed
  Test 8 passed
  Test 9 passed
  Test 10 passed
  Test 11 passed
  Test 12 passed

Truth Table Error: 'DummyEvaluator' object has no attribute 'bus_info'

================================================================================
FILE: parts\adder_cs_32bit.sv
================================================================================
Status: [PASS]
Module: adder_cs_32bit
Inputs: ['inA', 'inB', 'inCarry']
Outputs: ['outSum', 'outCarry']
NAND Gates: 2332
Execution Time: 2.537s
JSON Test File: parts\adder_cs_32bit.json
Test Results: 12/12 passed (100.0%)
Warnings: Warning: Too many input combinations (36893488147419103232). Limiting to first 16 combinations.

Test Execution:
  Test 1 passed
  Test 2 passed
  Test 3 passed
  Test 4 passed
  Test 5 passed
  Test 6 passed
  Test 7 passed
  Test 8 passed
  Test 9 passed
  Test 10 passed
  Test 11 passed
  Test 12 passed

Truth Table Error: 'DummyEvaluator' object has no attribute 'bus_info'

================================================================================
FILE: parts\adder_cs_64bit.sv
================================================================================
Status: [PASS]
Module: adder_cs_64bit
Inputs: ['inA', 'inB', 'inCarry']
Outputs: ['outSum', 'outCarry']
NAND Gates: 7260
Execution Time: 5.961s
JSON Test File: parts\adder_cs_64bit.json
Test Results: 8/8 passed (100.0%)
Warnings: Warning: Too many input combinations (680564733841876926926749214863536422912). Limiting to first 16 combinations.

Test Execution:
  Test 1 passed
  Test 2 passed
  Test 3 passed
  Test 4 passed
  Test 5 passed
  Test 6 passed
  Test 7 passed
  Test 8 passed

Truth Table Error: 'DummyEvaluator' object has no attribute 'bus_info'

================================================================================
FILE: parts\adder_cs_8bit.sv
================================================================================
Status: [PASS]
Module: adder_cs_8bit
Inputs: ['inA', 'inB', 'inCarry']
Outputs: ['outSum', 'outCarry']
NAND Gates: 220
Execution Time: 0.260s
JSON Test File: parts\adder_cs_8bit.json
Test Results: 10/10 passed (100.0%)
Warnings: Warning: Too many input combinations (131072). Limiting to first 16 combinations.

Test Execution:
  Test 1 passed
  Test 2 passed
  Test 3 passed
  Test 4 passed
  Test 5 passed
  Test 6 passed
  Test 7 passed
  Test 8 passed
  Test 9 passed
  Test 10 passed

Truth Table Error: 'DummyEvaluator' object has no attribute 'bus_info'

================================================================================
FILE: parts\and_gate.sv
================================================================================
Status: [PASS]
Module: and_gate
Inputs: ['inA', 'inB']
Outputs: ['outY']
NAND Gates: 2
Execution Time: 0.001s
JSON Test File: parts\and_gate.json
Test Results: 4/4 passed (100.0%)

Test Execution:
  Test 1 passed
  Test 2 passed
  Test 3 passed
  Test 4 passed

Truth Table Error: 'DummyEvaluator' object has no attribute 'bus_info'

================================================================================
FILE: parts\and_gate_8bit.sv
================================================================================
Status: [PASS]
Module: and_gate_8bit
Inputs: ['inA', 'inB']
Outputs: ['outY']
NAND Gates: 16
Execution Time: 0.015s
JSON Test File: parts\and_gate_8bit.json
Test Results: 12/12 passed (100.0%)
Warnings: Warning: Too many input combinations (65536). Limiting to first 16 combinations.

Test Execution:
  Test 1 passed
  Test 2 passed
  Test 3 passed
  Test 4 passed
  Test 5 passed
  Test 6 passed
  Test 7 passed
  Test 8 passed
  Test 9 passed
  Test 10 passed
  Test 11 passed
  Test 12 passed

Truth Table Error: 'DummyEvaluator' object has no attribute 'bus_info'

================================================================================
FILE: parts\counter8.sv
================================================================================
Status: [PASS]
Module: counter8
Inputs: ['clk', 'reset', 'enable']
Outputs: ['count']
NAND Gates: 0
Execution Time: 0.000s
JSON Test File: parts\counter8.json
Test Results: 3/3 passed (100.0%)
Warnings: Truth table skipped for sequential logic module

Test Execution:
  Reset functionality passed
  Basic increment passed
  Complete counter sequence passed

Truth Table: 0 combinations generated

================================================================================
FILE: parts\full_adder.sv
================================================================================
Status: [PASS]
Module: full_adder
Inputs: ['inA', 'inB', 'inCarry']
Outputs: ['outSum', 'outCarry']
NAND Gates: 15
Execution Time: 0.016s
JSON Test File: parts\full_adder.json
Test Results: 8/8 passed (100.0%)

Test Execution:
  Test 1 passed
  Test 2 passed
  Test 3 passed
  Test 4 passed
  Test 5 passed
  Test 6 passed
  Test 7 passed
  Test 8 passed

Truth Table Error: 'DummyEvaluator' object has no attribute 'bus_info'

================================================================================
FILE: parts\half_adder.sv
================================================================================
Status: [PASS]
Module: half_adder
Inputs: ['inA', 'inB']
Outputs: ['outSum', 'outCarry']
NAND Gates: 6
Execution Time: 0.003s
JSON Test File: parts\half_adder.json
Test Results: 4/4 passed (100.0%)

Test Execution:
  Test 1 passed
  Test 2 passed
  Test 3 passed
  Test 4 passed

Truth Table Error: 'DummyEvaluator' object has no attribute 'bus_info'

================================================================================
FILE: parts\mux_2to1_16bit.sv
================================================================================
Status: [PASS]
Module: mux_2to1_16bit
Inputs: ['in0', 'in1', 'sel']
Outputs: ['out']
NAND Gates: 128
Execution Time: 0.130s
JSON Test File: parts\mux_2to1_16bit.json
Test Results: 12/12 passed (100.0%)
Warnings: Warning: Too many input combinations (8589934592). Limiting to first 16 combinations.

Test Execution:
  Test 1 passed
  Test 2 passed
  Test 3 passed
  Test 4 passed
  Test 5 passed
  Test 6 passed
  Test 7 passed
  Test 8 passed
  Test 9 passed
  Test 10 passed
  Test 11 passed
  Test 12 passed

Truth Table Error: 'DummyEvaluator' object has no attribute 'bus_info'

================================================================================
FILE: parts\mux_2to1_1bit.sv
================================================================================
Status: [PASS]
Module: mux_2to1_1bit
Inputs: ['in0', 'in1', 'sel']
Outputs: ['out']
NAND Gates: 8
Execution Time: 0.005s
JSON Test File: parts\mux_2to1_1bit.json
Test Results: 8/8 passed (100.0%)

Test Execution:
  Test 1 passed
  Test 2 passed
  Test 3 passed
  Test 4 passed
  Test 5 passed
  Test 6 passed
  Test 7 passed
  Test 8 passed

Truth Table Error: 'DummyEvaluator' object has no attribute 'bus_info'

================================================================================
FILE: parts\mux_2to1_32bit.sv
================================================================================
Status: [PASS]
Module: mux_2to1_32bit
Inputs: ['in0', 'in1', 'sel']
Outputs: ['out']
NAND Gates: 256
Execution Time: 0.266s
JSON Test File: parts\mux_2to1_32bit.json
Test Results: 12/12 passed (100.0%)
Warnings: Warning: Too many input combinations (36893488147419103232). Limiting to first 16 combinations.

Test Execution:
  Test 1 passed
  Test 2 passed
  Test 3 passed
  Test 4 passed
  Test 5 passed
  Test 6 passed
  Test 7 passed
  Test 8 passed
  Test 9 passed
  Test 10 passed
  Test 11 passed
  Test 12 passed

Truth Table Error: 'DummyEvaluator' object has no attribute 'bus_info'

================================================================================
FILE: parts\mux_2to1_4bit.sv
================================================================================
Status: [PASS]
Module: mux_2to1_4bit
Inputs: ['in0', 'in1', 'sel']
Outputs: ['out']
NAND Gates: 32
Execution Time: 0.020s
JSON Test File: parts\mux_2to1_4bit.json
Test Results: 8/8 passed (100.0%)
Warnings: Warning: Too many input combinations (512). Limiting to first 16 combinations.

Test Execution:
  Test 1 passed
  Test 2 passed
  Test 3 passed
  Test 4 passed
  Test 5 passed
  Test 6 passed
  Test 7 passed
  Test 8 passed

Truth Table Error: 'DummyEvaluator' object has no attribute 'bus_info'

================================================================================
FILE: parts\mux_2to1_8bit.sv
================================================================================
Status: [PASS]
Module: mux_2to1_8bit
Inputs: ['in0', 'in1', 'sel']
Outputs: ['out']
NAND Gates: 64
Execution Time: 0.075s
JSON Test File: parts\mux_2to1_8bit.json
Test Results: 12/12 passed (100.0%)
Warnings: Warning: Too many input combinations (131072). Limiting to first 16 combinations.

Test Execution:
  Test 1 passed
  Test 2 passed
  Test 3 passed
  Test 4 passed
  Test 5 passed
  Test 6 passed
  Test 7 passed
  Test 8 passed
  Test 9 passed
  Test 10 passed
  Test 11 passed
  Test 12 passed

Truth Table Error: 'DummyEvaluator' object has no attribute 'bus_info'

================================================================================
FILE: parts\nand_gate.sv
================================================================================
Status: [PASS]
Module: nand_gate
Inputs: ['inA', 'inB']
Outputs: ['outY']
NAND Gates: 0
Execution Time: 0.000s
JSON Test File: parts\nand_gate.json
Test Results: 4/4 passed (100.0%)

Test Execution:
  Test 1 passed
  Test 2 passed
  Test 3 passed
  Test 4 passed

Truth Table Error: 'DummyEvaluator' object has no attribute 'bus_info'

================================================================================
FILE: parts\nand_gate_8bit.sv
================================================================================
Status: [PASS]
Module: nand_gate_8bit
Inputs: ['inA', 'inB']
Outputs: ['outY']
NAND Gates: 8
Execution Time: 0.007s
JSON Test File: parts\nand_gate_8bit.json
Test Results: 12/12 passed (100.0%)
Warnings: Warning: Too many input combinations (65536). Limiting to first 16 combinations.

Test Execution:
  Test 1 passed
  Test 2 passed
  Test 3 passed
  Test 4 passed
  Test 5 passed
  Test 6 passed
  Test 7 passed
  Test 8 passed
  Test 9 passed
  Test 10 passed
  Test 11 passed
  Test 12 passed

Truth Table Error: 'DummyEvaluator' object has no attribute 'bus_info'

================================================================================
FILE: parts\nor_gate.sv
================================================================================
Status: [PASS]
Module: nor_gate
Inputs: ['inA', 'inB']
Outputs: ['outY']
NAND Gates: 4
Execution Time: 0.002s
JSON Test File: parts\nor_gate.json
Test Results: 4/4 passed (100.0%)

Test Execution:
  Test 1 passed
  Test 2 passed
  Test 3 passed
  Test 4 passed

Truth Table Error: 'DummyEvaluator' object has no attribute 'bus_info'

================================================================================
FILE: parts\nor_gate_8bit.sv
================================================================================
Status: [PASS]
Module: nor_gate_8bit
Inputs: ['inA', 'inB']
Outputs: ['outY']
NAND Gates: 32
Execution Time: 0.041s
JSON Test File: parts\nor_gate_8bit.json
Test Results: 12/12 passed (100.0%)
Warnings: Warning: Too many input combinations (65536). Limiting to first 16 combinations.

Test Execution:
  Test 1 passed
  Test 2 passed
  Test 3 passed
  Test 4 passed
  Test 5 passed
  Test 6 passed
  Test 7 passed
  Test 8 passed
  Test 9 passed
  Test 10 passed
  Test 11 passed
  Test 12 passed

Truth Table Error: 'DummyEvaluator' object has no attribute 'bus_info'

================================================================================
FILE: parts\not_gate.sv
================================================================================
Status: [PASS]
Module: not_gate
Inputs: ['inA']
Outputs: ['outY']
NAND Gates: 1
Execution Time: 0.000s
JSON Test File: parts\not_gate.json
Test Results: 2/2 passed (100.0%)

Test Execution:
  Test 1 passed
  Test 2 passed

Truth Table Error: 'DummyEvaluator' object has no attribute 'bus_info'

================================================================================
FILE: parts\not_gate_8bit.sv
================================================================================
Status: [PASS]
Module: not_gate_8bit
Inputs: ['inA']
Outputs: ['outY']
NAND Gates: 8
Execution Time: 0.008s
JSON Test File: parts\not_gate_8bit.json
Test Results: 8/8 passed (100.0%)
Warnings: Warning: Too many input combinations (256). Limiting to first 16 combinations.

Test Execution:
  Test 1 passed
  Test 2 passed
  Test 3 passed
  Test 4 passed
  Test 5 passed
  Test 6 passed
  Test 7 passed
  Test 8 passed

Truth Table Error: 'DummyEvaluator' object has no attribute 'bus_info'

================================================================================
FILE: parts\or_gate.sv
================================================================================
Status: [PASS]
Module: or_gate
Inputs: ['inA', 'inB']
Outputs: ['outY']
NAND Gates: 3
Execution Time: 0.001s
JSON Test File: parts\or_gate.json
Test Results: 4/4 passed (100.0%)

Test Execution:
  Test 1 passed
  Test 2 passed
  Test 3 passed
  Test 4 passed

Truth Table Error: 'DummyEvaluator' object has no attribute 'bus_info'

================================================================================
FILE: parts\or_gate_8bit.sv
================================================================================
Status: [PASS]
Module: or_gate_8bit
Inputs: ['inA', 'inB']
Outputs: ['outY']
NAND Gates: 24
Execution Time: 0.023s
JSON Test File: parts\or_gate_8bit.json
Test Results: 12/12 passed (100.0%)
Warnings: Warning: Too many input combinations (65536). Limiting to first 16 combinations.

Test Execution:
  Test 1 passed
  Test 2 passed
  Test 3 passed
  Test 4 passed
  Test 5 passed
  Test 6 passed
  Test 7 passed
  Test 8 passed
  Test 9 passed
  Test 10 passed
  Test 11 passed
  Test 12 passed

Truth Table Error: 'DummyEvaluator' object has no attribute 'bus_info'

================================================================================
FILE: parts\register_16bit.sv
================================================================================
Status: [FAIL]
Module: register_16bit
Inputs: ['clk', 'enable', 'data']
Outputs: ['q']
NAND Gates: 0
Execution Time: 0.001s
JSON Test File: parts\register_16bit.json
Test Results: 0/0 passed (0.0%)
Warnings: Truth table skipped for sequential logic module

Test Execution:
  Test execution failed: 'str' object has no attribute 'items'

Truth Table: 0 combinations generated

================================================================================
FILE: parts\register_1bit.sv
================================================================================
Status: [FAIL]
Module: register_1bit
Inputs: ['clk', 'enable', 'data']
Outputs: ['q']
NAND Gates: 0
Execution Time: 0.000s
JSON Test File: parts\register_1bit.json
Test Results: 0/0 passed (0.0%)
Warnings: Truth table skipped for sequential logic module

Test Execution:
  Test execution failed: 'str' object has no attribute 'items'

Truth Table: 0 combinations generated

================================================================================
FILE: parts\register_32bit.sv
================================================================================
Status: [FAIL]
Module: register_32bit
Inputs: ['clk', 'enable', 'data']
Outputs: ['q']
NAND Gates: 0
Execution Time: 0.000s
JSON Test File: parts\register_32bit.json
Test Results: 0/0 passed (0.0%)
Warnings: Truth table skipped for sequential logic module

Test Execution:
  Test execution failed: 'str' object has no attribute 'items'

Truth Table: 0 combinations generated

================================================================================
FILE: parts\register_64bit.sv
================================================================================
Status: [FAIL]
Module: register_64bit
Inputs: ['clk', 'enable', 'data']
Outputs: ['q']
NAND Gates: 0
Execution Time: 0.001s
JSON Test File: parts\register_64bit.json
Test Results: 0/0 passed (0.0%)
Warnings: Truth table skipped for sequential logic module

Test Execution:
  Test execution failed: 'str' object has no attribute 'items'

Truth Table: 0 combinations generated

================================================================================
FILE: parts\register_8bit.sv
================================================================================
Status: [FAIL]
Module: register_8bit
Inputs: ['clk', 'enable', 'data']
Outputs: ['q']
NAND Gates: 0
Execution Time: 0.000s
JSON Test File: parts\register_8bit.json
Test Results: 0/0 passed (0.0%)
Warnings: Truth table skipped for sequential logic module

Test Execution:
  Test execution failed: 'str' object has no attribute 'items'

Truth Table: 0 combinations generated

================================================================================
FILE: parts\xnor_gate.sv
================================================================================
Status: [PASS]
Module: xnor_gate
Inputs: ['inA', 'inB']
Outputs: ['outY']
NAND Gates: 5
Execution Time: 0.002s
JSON Test File: parts\xnor_gate.json
Test Results: 4/4 passed (100.0%)

Test Execution:
  Test 1 passed
  Test 2 passed
  Test 3 passed
  Test 4 passed

Truth Table Error: 'DummyEvaluator' object has no attribute 'bus_info'

================================================================================
FILE: parts\xnor_gate_8bit.sv
================================================================================
Status: [PASS]
Module: xnor_gate_8bit
Inputs: ['inA', 'inB']
Outputs: ['outY']
NAND Gates: 40
Execution Time: 0.038s
JSON Test File: parts\xnor_gate_8bit.json
Test Results: 12/12 passed (100.0%)
Warnings: Warning: Too many input combinations (65536). Limiting to first 16 combinations.

Test Execution:
  Test 1 passed
  Test 2 passed
  Test 3 passed
  Test 4 passed
  Test 5 passed
  Test 6 passed
  Test 7 passed
  Test 8 passed
  Test 9 passed
  Test 10 passed
  Test 11 passed
  Test 12 passed

Truth Table Error: 'DummyEvaluator' object has no attribute 'bus_info'

================================================================================
FILE: parts\xor_gate.sv
================================================================================
Status: [PASS]
Module: xor_gate
Inputs: ['inA', 'inB']
Outputs: ['outY']
NAND Gates: 4
Execution Time: 0.002s
JSON Test File: parts\xor_gate.json
Test Results: 4/4 passed (100.0%)

Test Execution:
  Test 1 passed
  Test 2 passed
  Test 3 passed
  Test 4 passed

Truth Table Error: 'DummyEvaluator' object has no attribute 'bus_info'

================================================================================
FILE: parts\xor_gate_8bit.sv
================================================================================
Status: [PASS]
Module: xor_gate_8bit
Inputs: ['inA', 'inB']
Outputs: ['outY']
NAND Gates: 32
Execution Time: 0.032s
JSON Test File: parts\xor_gate_8bit.json
Test Results: 12/12 passed (100.0%)
Warnings: Warning: Too many input combinations (65536). Limiting to first 16 combinations.

Test Execution:
  Test 1 passed
  Test 2 passed
  Test 3 passed
  Test 4 passed
  Test 5 passed
  Test 6 passed
  Test 7 passed
  Test 8 passed
  Test 9 passed
  Test 10 passed
  Test 11 passed
  Test 12 passed

Truth Table Error: 'DummyEvaluator' object has no attribute 'bus_info'


============================================================
SUMMARY REPORT
============================================================
Files Tested:           36
Overall Success:        31/36 (86.1%)
Parse Failures:         0
Truth Table Failures:   0
Files with JSON Tests:  36
Test Case Failures:     5
Total Test Cases:       259
Passed Test Cases:      259/259 (100.0%)
Total Execution Time:   12.313s
Average Time per File:  0.342s
Total NAND Gates:       13092
Average NAND per File:  363.7

Failed Files (5):
  [FAIL] parts\register_16bit.sv (Test failures)
  [FAIL] parts\register_1bit.sv (Test failures)
  [FAIL] parts\register_32bit.sv (Test failures)
  [FAIL] parts\register_64bit.sv (Test failures)
  [FAIL] parts\register_8bit.sv (Test failures)
============================================================

Total runtime: 6.600s

Exiting with code 1 (5 files failed)
